// Jest Snapshot v1, https://goo.gl/fbAQLP

exports[`Remove Cart Items Dialog Snapshot match with data 1`] = `
<body
  style="padding-right: 1024px; overflow: hidden;"
>
  <div
    aria-hidden="true"
  />
  <div
    class="MuiModal-root MuiDialog-root css-zw3mfo-MuiModal-root-MuiDialog-root"
    role="presentation"
  >
    <div
      aria-hidden="true"
      class="MuiBackdrop-root css-yiavyu-MuiBackdrop-root-MuiDialog-backdrop"
      style="opacity: 1; webkit-transition: opacity 225ms cubic-bezier(0.4, 0, 0.2, 1) 0ms; transition: opacity 225ms cubic-bezier(0.4, 0, 0.2, 1) 0ms;"
    />
    <div
      data-test="sentinelStart"
      tabindex="0"
    />
    <div
      class="MuiDialog-container MuiDialog-scrollPaper css-15p4qre-MuiDialog-container"
      role="presentation"
      style="opacity: 1; webkit-transition: opacity 225ms cubic-bezier(0.4, 0, 0.2, 1) 0ms; transition: opacity 225ms cubic-bezier(0.4, 0, 0.2, 1) 0ms;"
      tabindex="-1"
    >
      <div
        aria-labelledby="mui-1"
        class="MuiPaper-root MuiPaper-elevation MuiPaper-rounded MuiPaper-elevation24 MuiDialog-paper MuiDialog-paperScrollPaper MuiDialog-paperWidthSm MuiDialog-paperFullWidth css-6gkcvy-MuiPaper-root-MuiDialog-paper"
        role="dialog"
      >
        <h2
          class="MuiTypography-root MuiTypography-h6 MuiDialogTitle-root css-tszvf-MuiTypography-root-MuiDialogTitle-root"
          id="mui-1"
        >
          <div
            class="MuiBox-root css-x84pqq"
          >
            <div
              class="MuiBox-root css-19n8dai"
            >
              <h5
                class="MuiTypography-root MuiTypography-h5 css-16xaac9-MuiTypography-root"
              >
                Are you sure you want to remove all items?
              </h5>
            </div>
          </div>
          <button
            class="MuiButtonBase-root MuiIconButton-root MuiIconButton-colorPrimary MuiIconButton-sizeLarge css-dkqajj-MuiButtonBase-root-MuiIconButton-root"
            tabindex="0"
            type="button"
          >
            <svg>
              delete.svg
            </svg>
            <span
              class="MuiTouchRipple-root css-8je8zh-MuiTouchRipple-root"
            />
          </button>
        </h2>
        <div
          class="MuiDialogContent-root css-ypiqx9-MuiDialogContent-root"
        >
          <div
            class="MuiBox-root css-11unscw"
          >
            <h5
              class="MuiTypography-root MuiTypography-body1 css-1k41qqb-MuiTypography-root"
            >
              Are you sure you want to remove all the items from the cart? This action can't be undone.
            </h5>
          </div>
          <div
            class="MuiGrid-root css-1ve4q92-MuiGrid-root"
          >
            <div
              class="MuiGrid-root css-4na9on-MuiGrid-root"
            >
              <button
                class="MuiButton-root MuiButton-text MuiButton-textPrimary MuiButton-sizeMedium MuiButton-textSizeMedium MuiButton-disableElevation MuiButtonBase-root  css-yskaox-MuiButtonBase-root-MuiButton-root"
                data-testid="remove-all-items-dialog-cancel"
                tabindex="0"
                type="button"
              >
                No, cancel
              </button>
            </div>
            <div
              class="MuiGrid-root css-vj1n65-MuiGrid-root"
            >
              <button
                class="MuiButton-root MuiButton-contained MuiButton-containedPrimary MuiButton-sizeMedium MuiButton-containedSizeMedium MuiButton-disableElevation MuiButtonBase-root  css-1k977q5-MuiButtonBase-root-MuiButton-root"
                data-testid="remove-all-items-dialog-confirm"
                tabindex="0"
                type="button"
              >
                Yes, remove items
              </button>
            </div>
          </div>
        </div>
      </div>
    </div>
    <div
      data-test="sentinelEnd"
      tabindex="0"
    />
  </div>
</body>
`;
