// Jest Snapshot v1, https://goo.gl/fbAQLP

exports[`User management tests User Management render matches the snapshot 1`] = `
<div>
  <div
    class="MuiContainer-root MuiContainer-maxWidthLg css-1kbjjd5-MuiContainer-root"
  >
    <nav
      aria-label="breadcrumb"
      class="MuiTypography-root MuiTypography-body1 MuiBreadcrumbs-root css-1yp6lty-MuiTypography-root-MuiBreadcrumbs-root"
    >
      <ol
        class="MuiBreadcrumbs-ol css-4pdmu4-MuiBreadcrumbs-ol"
      >
        <li
          class="MuiBreadcrumbs-li"
        >
          <a
            class="MuiTypography-root MuiTypography-inherit MuiLink-root MuiLink-underlineNone css-fe2j4-MuiTypography-root-MuiLink-root"
            href="/"
          >
            Home
          </a>
        </li>
        <li
          aria-hidden="true"
          class="MuiBreadcrumbs-separator css-n1sla7-MuiBreadcrumbs-separator"
        >
          <svg>
            chevron-right.svg
          </svg>
        </li>
        <li
          class="MuiBreadcrumbs-li"
        >
          <span
            class="MuiTypography-root MuiTypography-caption css-ohe2uh-MuiTypography-root"
            data-testid="user-management-breadcrumb"
          >
            User Management
          </span>
        </li>
      </ol>
    </nav>
  </div>
  <div
    class="MuiContainer-root MuiContainer-maxWidthLg css-cnms5y-MuiContainer-root"
  >
    <div
      class="MuiPaper-root MuiPaper-elevation MuiPaper-rounded MuiPaper-elevation8 MuiCard-root css-1obe4va-MuiPaper-root-MuiCard-root"
    >
      <div
        class="MuiGrid-root MuiGrid-container MuiGrid-spacing-xs-2 css-mhc70k-MuiGrid-root"
      >
        <div
          class="MuiGrid-root MuiGrid-container MuiGrid-item MuiGrid-grid-xs-12 MuiGrid-grid-md-10 css-1s6wx5p-MuiGrid-root"
        >
          <h5
            class="MuiTypography-root MuiTypography-h5 css-16xaac9-MuiTypography-root"
            data-testid="user-management-title"
          >
            User Management
          </h5>
        </div>
        <div
          class="MuiGrid-root MuiGrid-container MuiGrid-item MuiGrid-grid-xs-12 MuiGrid-grid-md-2 css-1qspkho-MuiGrid-root"
        >
          <button
            class="MuiButton-root MuiButton-text MuiButton-textPrimary MuiButton-sizeMedium MuiButton-textSizeMedium MuiButton-disableElevation MuiButtonBase-root  css-wyox7y-MuiButtonBase-root-MuiButton-root"
            data-testid="invite-new-user-button"
            tabindex="0"
            type="button"
          >
            <span
              class="MuiButton-startIcon MuiButton-iconSizeMedium css-1sx3uk1-MuiButton-startIcon"
            >
              <svg>
                add.svg
              </svg>
            </span>
            Invite new user
          </button>
        </div>
      </div>
    </div>
    <div
      class="MuiPaper-root MuiPaper-elevation MuiPaper-rounded MuiPaper-elevation8 MuiCard-root css-13gj3ka-MuiPaper-root-MuiCard-root"
    >
      <div
        class="MuiTabs-root css-jlxbv8-MuiTabs-root"
      >
        <div
          class="MuiTabs-scroller MuiTabs-fixed css-kqhgxw-MuiTabs-scroller"
          style="overflow: hidden; margin-bottom: 0px;"
        >
          <div
            aria-label="Selected Users"
            class="MuiTabs-flexContainer css-1pyy021-MuiTabs-flexContainer"
            role="tablist"
          >
            <button
              aria-selected="true"
              class="MuiButtonBase-root MuiTab-root MuiTab-textColorPrimary Mui-selected css-1sakcj1-MuiButtonBase-root-MuiTab-root"
              data-testid="tab-Waiting for Approval"
              role="tab"
              tabindex="0"
              type="button"
            >
              Waiting for Approval
            </button>
            <button
              aria-selected="false"
              class="MuiButtonBase-root MuiTab-root MuiTab-textColorPrimary css-1sakcj1-MuiButtonBase-root-MuiTab-root"
              data-testid="tab-Approved"
              role="tab"
              tabindex="-1"
              type="button"
            >
              Approved
            </button>
            <button
              aria-selected="false"
              class="MuiButtonBase-root MuiTab-root MuiTab-textColorPrimary css-1sakcj1-MuiButtonBase-root-MuiTab-root"
              data-testid="tab-Rejected"
              role="tab"
              tabindex="-1"
              type="button"
            >
              Rejected
            </button>
          </div>
          <span
            class="MuiTabs-indicator css-18hhhr3-MuiTabs-indicator"
            style="left: 0px; width: 0px;"
          />
        </div>
      </div>
      <div
        class="MuiTableContainer-root css-8cb3ox-MuiTableContainer-root"
      >
        <table
          class="MuiTable-root css-qzyhip-MuiTable-root"
          data-testid="table"
          role="table"
          style="min-width: 0px;"
        >
          <thead
            class="MuiTableHead-root css-15wwp11-MuiTableHead-root"
          >
            <tr
              class="MuiTableRow-root MuiTableRow-head css-bqkitb-MuiTableRow-root"
              role="row"
              style="display: flex; flex: 1 0 auto; min-width: 0px;"
            >
              <th
                class="MuiTableCell-root MuiTableCell-head MuiTableCell-sizeMedium css-l2k3ri-MuiTableCell-root"
                colspan="1"
                role="columnheader"
                scope="col"
                style="box-sizing: border-box; flex: 100 0 auto; min-width: 0px; width: 100px; cursor: pointer;"
                title="Toggle SortBy"
              >
                <div
                  class="MuiGrid-root MuiGrid-container MuiGrid-wrap-xs-nowrap css-11d6wci-MuiGrid-root"
                >
                  <div
                    class="MuiGrid-root MuiGrid-item MuiGrid-zeroMinWidth MuiGrid-grid-xs-auto css-289t-MuiGrid-root"
                  >
                    <div
                      class="MuiBox-root css-13o7eu2"
                    >
                      Email Address
                    </div>
                  </div>
                </div>
              </th>
              <th
                class="MuiTableCell-root MuiTableCell-head MuiTableCell-sizeMedium css-l2k3ri-MuiTableCell-root"
                colspan="1"
                role="columnheader"
                scope="col"
                style="box-sizing: border-box; flex: 65 0 auto; min-width: 0px; width: 65px; cursor: pointer;"
                title="Toggle SortBy"
              >
                <div
                  class="MuiGrid-root MuiGrid-container MuiGrid-wrap-xs-nowrap css-11d6wci-MuiGrid-root"
                >
                  <div
                    class="MuiGrid-root MuiGrid-item MuiGrid-zeroMinWidth MuiGrid-grid-xs-auto css-289t-MuiGrid-root"
                  >
                    <div
                      class="MuiBox-root css-13o7eu2"
                    >
                      First Name
                    </div>
                  </div>
                </div>
              </th>
              <th
                class="MuiTableCell-root MuiTableCell-head MuiTableCell-sizeMedium css-l2k3ri-MuiTableCell-root"
                colspan="1"
                role="columnheader"
                scope="col"
                style="box-sizing: border-box; flex: 65 0 auto; min-width: 0px; width: 65px; cursor: pointer;"
                title="Toggle SortBy"
              >
                <div
                  class="MuiGrid-root MuiGrid-container MuiGrid-wrap-xs-nowrap css-11d6wci-MuiGrid-root"
                >
                  <div
                    class="MuiGrid-root MuiGrid-item MuiGrid-zeroMinWidth MuiGrid-grid-xs-auto css-289t-MuiGrid-root"
                  >
                    <div
                      class="MuiBox-root css-13o7eu2"
                    >
                      Last Name
                    </div>
                  </div>
                </div>
              </th>
              <th
                class="MuiTableCell-root MuiTableCell-head MuiTableCell-sizeMedium css-l2k3ri-MuiTableCell-root"
                colspan="1"
                role="columnheader"
                scope="col"
                style="box-sizing: border-box; flex: 65 0 auto; min-width: 0px; width: 65px; cursor: pointer;"
                title="Toggle SortBy"
              >
                <div
                  class="MuiGrid-root MuiGrid-container MuiGrid-wrap-xs-nowrap css-11d6wci-MuiGrid-root"
                >
                  <div
                    class="MuiGrid-root MuiGrid-item MuiGrid-zeroMinWidth MuiGrid-grid-xs-auto css-289t-MuiGrid-root"
                  >
                    <div
                      class="MuiBox-root css-13o7eu2"
                    >
                      Role
                    </div>
                  </div>
                </div>
              </th>
              <th
                class="MuiTableCell-root MuiTableCell-head MuiTableCell-sizeMedium css-l2k3ri-MuiTableCell-root"
                colspan="1"
                role="columnheader"
                scope="col"
                style="box-sizing: border-box; flex: 65 0 auto; min-width: 0px; width: 65px; cursor: pointer;"
                title="Toggle SortBy"
              >
                <div
                  class="MuiGrid-root MuiGrid-container MuiGrid-wrap-xs-nowrap css-11d6wci-MuiGrid-root"
                >
                  <div
                    class="MuiGrid-root MuiGrid-item MuiGrid-zeroMinWidth MuiGrid-grid-xs-auto css-289t-MuiGrid-root"
                  >
                    <div
                      class="MuiBox-root css-13o7eu2"
                    >
                      Day(s) Pending
                    </div>
                  </div>
                  <div
                    class="MuiGrid-root MuiGrid-item MuiGrid-grid-xs-1 css-1c16yah-MuiGrid-root"
                  >
                    <svg
                      class="MuiBox-root css-1isemmb"
                      data-testid="createdAt-descending"
                      sx="[object Object]"
                    >
                      sorting-desc.svg
                    </svg>
                  </div>
                </div>
              </th>
            </tr>
          </thead>
          <tbody>
            <tr>
              <td
                colspan="6"
              >
                <div
                  class="MuiBox-root css-18glhic"
                >
                  <div
                    class="MuiBox-root css-hyxlzm"
                  >
                    <span
                      aria-valuenow="100"
                      class="MuiCircularProgress-root MuiCircularProgress-determinate MuiCircularProgress-colorPrimary css-1wyqyef-MuiCircularProgress-root"
                      role="progressbar"
                      style="width: 50px; height: 50px; transform: rotate(-90deg);"
                    >
                      <svg
                        class="MuiCircularProgress-svg css-1idz92c-MuiCircularProgress-svg"
                        viewBox="22 22 44 44"
                      >
                        <circle
                          class="MuiCircularProgress-circle MuiCircularProgress-circleDeterminate css-oxts8u-MuiCircularProgress-circle"
                          cx="44"
                          cy="44"
                          fill="none"
                          r="19.5"
                          stroke-width="5"
                          style="stroke-dasharray: 122.522; stroke-dashoffset: 0.000px;"
                        />
                      </svg>
                    </span>
                    <span
                      class="MuiCircularProgress-root MuiCircularProgress-indeterminate MuiCircularProgress-colorPrimary css-1gse1c1-MuiCircularProgress-root"
                      role="progressbar"
                      style="width: 50px; height: 50px;"
                    >
                      <svg
                        class="MuiCircularProgress-svg css-1idz92c-MuiCircularProgress-svg"
                        viewBox="22 22 44 44"
                      >
                        <circle
                          class="MuiCircularProgress-circle MuiCircularProgress-circleIndeterminate css-176wh8e-MuiCircularProgress-circle"
                          cx="44"
                          cy="44"
                          fill="none"
                          r="19.5"
                          stroke-width="5"
                        />
                      </svg>
                    </span>
                  </div>
                </div>
              </td>
            </tr>
          </tbody>
        </table>
      </div>
      <hr
        class="MuiDivider-root MuiDivider-fullWidth css-di86mu-MuiDivider-root"
      />
      <div
        class="MuiBox-root css-11ezxrp"
      >
        <div
          class="MuiGrid-root MuiGrid-container MuiGrid-item MuiGrid-grid-xs-12 css-1vbz8i-MuiGrid-root"
        >
          <div
            class="MuiGrid-root MuiGrid-container MuiGrid-item MuiGrid-grid-xs-auto css-kqwn4m-MuiGrid-root"
          >
            <div
              class="MuiBox-root css-19z5v8g"
              data-testid="total-result(s)-count"
            />
          </div>
        </div>
      </div>
    </div>
  </div>
</div>
`;
