// Jest Snapshot v1, https://goo.gl/fbAQLP

exports[`Check isPricingOnly branches Check branch matches snapshot post load 1`] = `
<div>
  <li
    class="MuiListItem-root MuiListItem-gutters MuiListItem-padding css-s7nh9p-MuiListItem-root"
    data-testid="filter-line-item-mock-filter-1"
  >
    <div
      class="MuiListItemIcon-root css-18jpnm2-MuiListItemIcon-root"
    >
      <span
        class="MuiCheckbox-root MuiCheckbox-colorPrimary MuiButtonBase-root MuiCheckbox-root MuiCheckbox-colorPrimary PrivateSwitchBase-root css-12gbesn-MuiButtonBase-root-MuiCheckbox-root"
        data-testid="checkbox-mock-filter-1"
      >
        <input
          class="PrivateSwitchBase-input css-1m9pwf3"
          data-indeterminate="false"
          tabindex="-1"
          type="checkbox"
        />
        <svg
          aria-hidden="true"
          class="MuiSvgIcon-root MuiSvgIcon-fontSizeMedium css-i4bv87-MuiSvgIcon-root"
          data-testid="CheckBoxOutlineBlankIcon"
          focusable="false"
          viewBox="0 0 24 24"
        >
          <path
            d="M19 5v14H5V5h14m0-2H5c-1.1 0-2 .9-2 2v14c0 1.1.9 2 2 2h14c1.1 0 2-.9 2-2V5c0-1.1-.9-2-2-2z"
          />
        </svg>
        <span
          class="MuiTouchRipple-root css-8je8zh-MuiTouchRipple-root"
        />
      </span>
    </div>
    <div
      class="MuiListItemText-root css-yuf5hv-MuiListItemText-root"
    >
      <span
        class="MuiTypography-root MuiTypography-body1 MuiListItemText-primary css-zvlsvz-MuiTypography-root"
      >
        <span
          class="MuiTypography-root MuiTypography-caption css-rk7jif-MuiTypography-root"
        >
          In-stock @ Morrison Supply
          <span
            class="MuiTypography-root MuiTypography-caption css-eospm3-MuiTypography-root"
          >
            (
            100
            )
          </span>
        </span>
      </span>
    </div>
  </li>
</div>
`;
