// Jest Snapshot v1, https://goo.gl/fbAQLP

exports[`Checkout - CustomAddress should match snapshot 1`] = `
<div>
  <form
    novalidate=""
  >
    <div
      class="MuiGrid-root MuiGrid-container MuiGrid-spacing-xs-2 css-mhc70k-MuiGrid-root"
    >
      <div
        class="MuiGrid-root MuiGrid-item MuiGrid-grid-xs-12 css-49904w-MuiGrid-root"
      >
        <div
          class="MuiFormControl-root MuiFormControl-fullWidth MuiTextField-root css-1vhyr2u-MuiFormControl-root-MuiTextField-root"
        >
          <label
            class="MuiInputLabel-root MuiInputLabel-formControl MuiInputLabel-animated MuiInputLabel-shrink MuiInputLabel-outlined MuiFormLabel-root MuiFormLabel-colorPrimary css-1411gyj-MuiFormLabel-root-MuiInputLabel-root"
            data-shrink="true"
            for="company-name"
            id="company-name-label"
          >
            Company or C/O
          </label>
          <div
            class="MuiOutlinedInput-root MuiInputBase-root MuiInputBase-colorPrimary MuiInputBase-fullWidth MuiInputBase-formControl css-tg1mzk-MuiInputBase-root-MuiOutlinedInput-root"
          >
            <input
              aria-describedby="company-name-helper-text"
              aria-invalid="false"
              class="MuiOutlinedInput-input MuiInputBase-input css-1mjnin0-MuiInputBase-input-MuiOutlinedInput-input"
              data-testid="custom-address-company-name-input"
              id="company-name"
              name="companyName"
              placeholder="Enter your company name"
              type="text"
              value=""
            />
            <fieldset
              aria-hidden="true"
              class="MuiOutlinedInput-notchedOutline css-m1dym3-MuiOutlinedInput-notchedOutline"
            >
              <legend
                class="css-1z7n62"
              >
                <span>
                  Company or C/O
                </span>
              </legend>
            </fieldset>
          </div>
          <p
            class="MuiFormHelperText-root MuiFormHelperText-sizeMedium MuiFormHelperText-contained css-15h6cqt-MuiFormHelperText-root"
            id="company-name-helper-text"
          >
            <span
              class="notranslate"
            >
              ​
            </span>
          </p>
        </div>
      </div>
      <div
        class="MuiGrid-root MuiGrid-item MuiGrid-grid-xs-12 css-49904w-MuiGrid-root"
      >
        <div
          class="MuiFormControl-root MuiFormControl-fullWidth MuiTextField-root css-1vhyr2u-MuiFormControl-root-MuiTextField-root"
        >
          <label
            class="MuiInputLabel-root MuiInputLabel-formControl MuiInputLabel-animated MuiInputLabel-shrink MuiInputLabel-outlined MuiFormLabel-root MuiFormLabel-colorPrimary Mui-required css-1411gyj-MuiFormLabel-root-MuiInputLabel-root"
            data-shrink="true"
            for="street1"
            id="street1-label"
          >
            Address 1
            <span
              aria-hidden="true"
              class="MuiInputLabel-asterisk MuiFormLabel-asterisk css-kclkbf-MuiFormLabel-asterisk"
            >
               
              *
            </span>
          </label>
          <div
            class="MuiOutlinedInput-root MuiInputBase-root MuiInputBase-colorPrimary MuiInputBase-fullWidth MuiInputBase-formControl css-tg1mzk-MuiInputBase-root-MuiOutlinedInput-root"
          >
            <input
              aria-describedby="street1-helper-text"
              aria-invalid="false"
              class="MuiOutlinedInput-input MuiInputBase-input css-1mjnin0-MuiInputBase-input-MuiOutlinedInput-input"
              data-testid="custom-address-address-1-input"
              id="street1"
              name="street1"
              placeholder="Enter your address"
              required=""
              type="text"
              value=""
            />
            <fieldset
              aria-hidden="true"
              class="MuiOutlinedInput-notchedOutline css-m1dym3-MuiOutlinedInput-notchedOutline"
            >
              <legend
                class="css-1z7n62"
              >
                <span>
                  Address 1
                   
                  *
                </span>
              </legend>
            </fieldset>
          </div>
          <p
            class="MuiFormHelperText-root MuiFormHelperText-sizeMedium MuiFormHelperText-contained Mui-required css-15h6cqt-MuiFormHelperText-root"
            id="street1-helper-text"
          >
            <span
              class="notranslate"
            >
              ​
            </span>
          </p>
        </div>
      </div>
      <div
        class="MuiGrid-root MuiGrid-item MuiGrid-grid-xs-12 css-49904w-MuiGrid-root"
      >
        <div
          class="MuiFormControl-root MuiFormControl-fullWidth MuiTextField-root css-1vhyr2u-MuiFormControl-root-MuiTextField-root"
        >
          <label
            class="MuiInputLabel-root MuiInputLabel-formControl MuiInputLabel-animated MuiInputLabel-shrink MuiInputLabel-outlined MuiFormLabel-root MuiFormLabel-colorPrimary css-1411gyj-MuiFormLabel-root-MuiInputLabel-root"
            data-shrink="true"
            for="street2"
            id="street2-label"
          >
            Address 2
          </label>
          <div
            class="MuiOutlinedInput-root MuiInputBase-root MuiInputBase-colorPrimary MuiInputBase-fullWidth MuiInputBase-formControl css-tg1mzk-MuiInputBase-root-MuiOutlinedInput-root"
          >
            <input
              aria-describedby="street2-helper-text"
              aria-invalid="false"
              class="MuiOutlinedInput-input MuiInputBase-input css-1mjnin0-MuiInputBase-input-MuiOutlinedInput-input"
              data-testid="custom-address-address-2-input"
              id="street2"
              name="street2"
              placeholder="Enter your address"
              type="text"
              value=""
            />
            <fieldset
              aria-hidden="true"
              class="MuiOutlinedInput-notchedOutline css-m1dym3-MuiOutlinedInput-notchedOutline"
            >
              <legend
                class="css-1z7n62"
              >
                <span>
                  Address 2
                </span>
              </legend>
            </fieldset>
          </div>
          <p
            class="MuiFormHelperText-root MuiFormHelperText-sizeMedium MuiFormHelperText-contained css-15h6cqt-MuiFormHelperText-root"
            id="street2-helper-text"
          >
            <span
              class="notranslate"
            >
              ​
            </span>
          </p>
        </div>
      </div>
      <div
        class="MuiGrid-root MuiGrid-item MuiGrid-grid-xs-12 MuiGrid-grid-md-7 css-1pb118e-MuiGrid-root"
      >
        <div
          class="MuiFormControl-root MuiFormControl-fullWidth MuiTextField-root css-1vhyr2u-MuiFormControl-root-MuiTextField-root"
        >
          <label
            class="MuiInputLabel-root MuiInputLabel-formControl MuiInputLabel-animated MuiInputLabel-shrink MuiInputLabel-outlined MuiFormLabel-root MuiFormLabel-colorPrimary Mui-required css-1411gyj-MuiFormLabel-root-MuiInputLabel-root"
            data-shrink="true"
            for="city"
            id="city-label"
          >
            City
            <span
              aria-hidden="true"
              class="MuiInputLabel-asterisk MuiFormLabel-asterisk css-kclkbf-MuiFormLabel-asterisk"
            >
               
              *
            </span>
          </label>
          <div
            class="MuiOutlinedInput-root MuiInputBase-root MuiInputBase-colorPrimary MuiInputBase-fullWidth MuiInputBase-formControl css-tg1mzk-MuiInputBase-root-MuiOutlinedInput-root"
          >
            <input
              aria-describedby="city-helper-text"
              aria-invalid="false"
              class="MuiOutlinedInput-input MuiInputBase-input css-1mjnin0-MuiInputBase-input-MuiOutlinedInput-input"
              data-testid="custom-address-city-input"
              id="city"
              name="city"
              placeholder="Enter your city"
              required=""
              type="text"
              value=""
            />
            <fieldset
              aria-hidden="true"
              class="MuiOutlinedInput-notchedOutline css-m1dym3-MuiOutlinedInput-notchedOutline"
            >
              <legend
                class="css-1z7n62"
              >
                <span>
                  City
                   
                  *
                </span>
              </legend>
            </fieldset>
          </div>
          <p
            class="MuiFormHelperText-root MuiFormHelperText-sizeMedium MuiFormHelperText-contained Mui-required css-15h6cqt-MuiFormHelperText-root"
            id="city-helper-text"
          >
            <span
              class="notranslate"
            >
              ​
            </span>
          </p>
        </div>
      </div>
      <div
        class="MuiGrid-root MuiGrid-item MuiGrid-grid-xs-12 MuiGrid-grid-md-5 css-171i90u-MuiGrid-root"
      >
        <label
          class="MuiInputLabel-root MuiInputLabel-animated MuiFormLabel-root MuiFormLabel-colorPrimary Mui-required css-wab5yp-MuiFormLabel-root-MuiInputLabel-root"
          id="select-label-1"
        >
          State
          <span
            aria-hidden="true"
            class="MuiInputLabel-asterisk MuiFormLabel-asterisk css-kclkbf-MuiFormLabel-asterisk"
          >
             
            *
          </span>
        </label>
        <div
          class="MuiInput-root MuiInputBase-root MuiInputBase-colorPrimary MuiInputBase-fullWidth css-1pwnjt2-MuiInputBase-root-MuiInput-root"
        >
          <div
            aria-expanded="false"
            aria-haspopup="listbox"
            aria-labelledby="state"
            class="MuiSelect-select MuiSelect-outlined MuiInput-input MuiInputBase-input css-hb27wf-MuiSelect-select-MuiInputBase-input-MuiInput-input"
            id="state"
            role="button"
            tabindex="0"
          >
            Select state
          </div>
          <input
            aria-hidden="true"
            class="MuiSelect-nativeInput css-yf8vq0-MuiSelect-nativeInput"
            data-testid="custom-address-state-input"
            name="state"
            tabindex="-1"
            value=""
          />
          <svg
            aria-hidden="true"
            class="MuiSvgIcon-root MuiSvgIcon-fontSizeMedium MuiSelect-icon MuiSelect-iconOutlined css-hfutr2-MuiSvgIcon-root-MuiSelect-icon"
            data-testid="ArrowDropDownIcon"
            focusable="false"
            viewBox="0 0 24 24"
          >
            <path
              d="M7 10l5 5 5-5z"
            />
          </svg>
        </div>
        <p
          class="MuiFormHelperText-root css-f30th0-MuiFormHelperText-root"
        >
          <span
            class="notranslate"
          >
            ​
          </span>
        </p>
      </div>
      <div
        class="MuiGrid-root MuiGrid-item MuiGrid-grid-xs-12 MuiGrid-grid-md-5 css-171i90u-MuiGrid-root"
      >
        <div
          class="MuiFormControl-root MuiFormControl-fullWidth MuiTextField-root css-1vhyr2u-MuiFormControl-root-MuiTextField-root"
        >
          <label
            class="MuiInputLabel-root MuiInputLabel-formControl MuiInputLabel-animated MuiInputLabel-shrink MuiInputLabel-outlined MuiFormLabel-root MuiFormLabel-colorPrimary Mui-required css-1411gyj-MuiFormLabel-root-MuiInputLabel-root"
            data-shrink="true"
            for="zip-code"
            id="zip-code-label"
          >
            Zip Code
            <span
              aria-hidden="true"
              class="MuiInputLabel-asterisk MuiFormLabel-asterisk css-kclkbf-MuiFormLabel-asterisk"
            >
               
              *
            </span>
          </label>
          <div
            class="MuiOutlinedInput-root MuiInputBase-root MuiInputBase-colorPrimary MuiInputBase-fullWidth MuiInputBase-formControl css-tg1mzk-MuiInputBase-root-MuiOutlinedInput-root"
          >
            <input
              aria-describedby="zip-code-helper-text"
              aria-invalid="false"
              class="MuiOutlinedInput-input MuiInputBase-input css-1mjnin0-MuiInputBase-input-MuiOutlinedInput-input"
              data-testid="custom-address-zip-input"
              id="zip-code"
              name="zip"
              placeholder="Enter your zip code"
              required=""
              type="text"
              value=""
            />
            <fieldset
              aria-hidden="true"
              class="MuiOutlinedInput-notchedOutline css-m1dym3-MuiOutlinedInput-notchedOutline"
            >
              <legend
                class="css-1z7n62"
              >
                <span>
                  Zip Code
                   
                  *
                </span>
              </legend>
            </fieldset>
          </div>
          <p
            class="MuiFormHelperText-root MuiFormHelperText-sizeMedium MuiFormHelperText-contained Mui-required css-15h6cqt-MuiFormHelperText-root"
            id="zip-code-helper-text"
          >
            <span
              class="notranslate"
            >
              ​
            </span>
          </p>
        </div>
      </div>
      <div
        class="MuiGrid-root MuiGrid-item MuiGrid-grid-xs-12 MuiGrid-grid-md-7 css-1pb118e-MuiGrid-root"
      >
        <div
          class="MuiFormControl-root MuiFormControl-fullWidth MuiTextField-root css-1vhyr2u-MuiFormControl-root-MuiTextField-root"
        >
          <label
            class="MuiInputLabel-root MuiInputLabel-formControl MuiInputLabel-animated MuiInputLabel-shrink MuiInputLabel-outlined MuiFormLabel-root MuiFormLabel-colorPrimary css-1411gyj-MuiFormLabel-root-MuiInputLabel-root"
            data-shrink="true"
            for="phone-number"
            id="phone-number-label"
          >
            Phone Number
          </label>
          <div
            class="MuiOutlinedInput-root MuiInputBase-root MuiInputBase-colorPrimary MuiInputBase-fullWidth MuiInputBase-formControl css-tg1mzk-MuiInputBase-root-MuiOutlinedInput-root"
          >
            <input
              aria-invalid="false"
              class="MuiOutlinedInput-input MuiInputBase-input css-1mjnin0-MuiInputBase-input-MuiOutlinedInput-input"
              data-testid="custom-address-phone-number-input"
              id="phone-number"
              name="phoneNumber"
              placeholder="(000) 000-0000"
              type="text"
              value=""
            />
            <fieldset
              aria-hidden="true"
              class="MuiOutlinedInput-notchedOutline css-m1dym3-MuiOutlinedInput-notchedOutline"
            >
              <legend
                class="css-1z7n62"
              >
                <span>
                  Phone Number
                </span>
              </legend>
            </fieldset>
          </div>
        </div>
      </div>
    </div>
    <div
      class="MuiBox-root css-1jcfcth"
    >
      <button
        class="MuiButton-root MuiButton-contained MuiButton-containedPrimary MuiButton-sizeMedium MuiButton-containedSizeMedium MuiButton-disableElevation MuiButtonBase-root  css-1egkuzh-MuiButtonBase-root-MuiButton-root"
        data-testid="confirm-address-button"
        tabindex="0"
        type="submit"
      >
        Confirm Address
      </button>
      <button
        class="MuiButton-root MuiButton-text MuiButton-textPrimary MuiButton-sizeMedium MuiButton-textSizeMedium MuiButton-disableElevation MuiButtonBase-root  css-m8449n-MuiButtonBase-root-MuiButton-root"
        data-testid="cancel-address-button"
        tabindex="0"
        type="button"
      >
        Cancel
      </button>
    </div>
  </form>
</div>
`;
