// Jest Snapshot v1, https://goo.gl/fbAQLP

exports[`CreditCard - CreditCardProvider expect CreditCard context to return default data 1`] = `
Object {
  "addCreditCardLoading": false,
  "creditCard": undefined,
  "creditCardData": undefined,
  "creditCardListLoading": false,
  "creditCardState": 0,
  "deleteCreditCard": [MockFunction],
  "deleteCreditCardLoading": false,
  "deleteCreditCardMutation": [MockFunction],
  "expiredCreditCards": Object {},
  "getCreditCardElementInfo": [MockFunction],
  "getCreditCardLoading": false,
  "getCreditCardSetupUrl": [MockFunction],
  "iframeUrl": undefined,
  "parseCCResponse": [MockFunction],
  "parsingCCResponse": false,
  "resUrl": undefined,
  "selectedCreditCard": "",
  "setCreditCard": [MockFunction],
  "setCreditCardData": [MockFunction],
  "setCreditCardState": [MockFunction],
  "setGetCreditCardLoading": [MockFunction],
  "setIframeUrl": [MockFunction],
  "setParsingCCResponse": [MockFunction],
  "setResUrl": [MockFunction],
  "setSelectedCreditCard": [MockFunction],
  "setShouldSaveCreditCard": [MockFunction],
  "setUpdatingList": [MockFunction],
  "shouldSaveCreditCard": false,
  "updateCartCreditCard": [MockFunction],
  "updatingList": false,
}
`;
