// Jest Snapshot v1, https://goo.gl/fbAQLP

exports[`AboutUs Should match snapshop on desktop 1`] = `
<div>
  <div
    class="MuiBox-root css-1nen2z4"
    data-testid="loader-component"
  >
    <div
      class="MuiBox-root css-hyxlzm"
    >
      <span
        aria-valuenow="100"
        class="MuiCircularProgress-root MuiCircularProgress-determinate MuiCircularProgress-colorPrimary css-1wyqyef-MuiCircularProgress-root"
        role="progressbar"
        style="width: 80px; height: 80px; transform: rotate(-90deg);"
      >
        <svg
          class="MuiCircularProgress-svg css-1idz92c-MuiCircularProgress-svg"
          viewBox="22 22 44 44"
        >
          <circle
            class="MuiCircularProgress-circle MuiCircularProgress-circleDeterminate css-oxts8u-MuiCircularProgress-circle"
            cx="44"
            cy="44"
            fill="none"
            r="19.5"
            stroke-width="5"
            style="stroke-dasharray: 122.522; stroke-dashoffset: 0.000px;"
          />
        </svg>
      </span>
      <span
        class="MuiCircularProgress-root MuiCircularProgress-indeterminate MuiCircularProgress-colorPrimary css-1gse1c1-MuiCircularProgress-root"
        role="progressbar"
        style="width: 80px; height: 80px;"
      >
        <svg
          class="MuiCircularProgress-svg css-1idz92c-MuiCircularProgress-svg"
          viewBox="22 22 44 44"
        >
          <circle
            class="MuiCircularProgress-circle MuiCircularProgress-circleIndeterminate css-176wh8e-MuiCircularProgress-circle"
            cx="44"
            cy="44"
            fill="none"
            r="19.5"
            stroke-width="5"
          />
        </svg>
      </span>
    </div>
  </div>
</div>
`;

exports[`AboutUs Should match snapshop on mobile 1`] = `
<div>
  <div
    class="MuiBox-root css-1nen2z4"
    data-testid="loader-component"
  >
    <div
      class="MuiBox-root css-hyxlzm"
    >
      <span
        aria-valuenow="100"
        class="MuiCircularProgress-root MuiCircularProgress-determinate MuiCircularProgress-colorPrimary css-1wyqyef-MuiCircularProgress-root"
        role="progressbar"
        style="width: 80px; height: 80px; transform: rotate(-90deg);"
      >
        <svg
          class="MuiCircularProgress-svg css-1idz92c-MuiCircularProgress-svg"
          viewBox="22 22 44 44"
        >
          <circle
            class="MuiCircularProgress-circle MuiCircularProgress-circleDeterminate css-oxts8u-MuiCircularProgress-circle"
            cx="44"
            cy="44"
            fill="none"
            r="19.5"
            stroke-width="5"
            style="stroke-dasharray: 122.522; stroke-dashoffset: 0.000px;"
          />
        </svg>
      </span>
      <span
        class="MuiCircularProgress-root MuiCircularProgress-indeterminate MuiCircularProgress-colorPrimary css-1gse1c1-MuiCircularProgress-root"
        role="progressbar"
        style="width: 80px; height: 80px;"
      >
        <svg
          class="MuiCircularProgress-svg css-1idz92c-MuiCircularProgress-svg"
          viewBox="22 22 44 44"
        >
          <circle
            class="MuiCircularProgress-circle MuiCircularProgress-circleIndeterminate css-176wh8e-MuiCircularProgress-circle"
            cx="44"
            cy="44"
            fill="none"
            r="19.5"
            stroke-width="5"
          />
        </svg>
      </span>
    </div>
  </div>
</div>
`;
