// Jest Snapshot v1, https://goo.gl/fbAQLP

exports[`common - Header - util - DesktopSubheaderMenu should match snapshot for max under Eclipse as logged in user 1`] = `
<div>
  <div
    class="MuiGrid-root MuiGrid-item css-ajt0mp-MuiGrid-root"
  >
    <button
      aria-haspopup="true"
      class="MuiButton-root MuiButton-text MuiButton-textPrimary MuiButton-sizeMedium MuiButton-textSizeMedium MuiButton-disableElevation MuiButtonBase-root  css-gfygn0-MuiButtonBase-root-MuiButton-root"
      tabindex="0"
      type="button"
    >
      test
      <span
        class="MuiButton-endIcon MuiButton-iconSizeMedium css-1f03u4k-MuiButton-endIcon"
      >
        <svg
          aria-hidden="true"
          class="MuiSvgIcon-root MuiSvgIcon-fontSizeMedium css-i4bv87-MuiSvgIcon-root"
          data-testid="ArrowDropDownIcon"
          focusable="false"
          viewBox="0 0 24 24"
        >
          <path
            d="m7 10 5 5 5-5z"
          />
        </svg>
      </span>
    </button>
  </div>
</div>
`;

exports[`common - Header - util - DesktopSubheaderMenu should match snapshot for max under Eclipse as logged out user 1`] = `
<div>
  <div
    class="MuiGrid-root MuiGrid-item css-ajt0mp-MuiGrid-root"
  >
    <button
      aria-haspopup="true"
      class="MuiButton-root MuiButton-text MuiButton-textPrimary MuiButton-sizeMedium MuiButton-textSizeMedium MuiButton-disableElevation MuiButtonBase-root  css-gfygn0-MuiButtonBase-root-MuiButton-root"
      tabindex="0"
      type="button"
    >
      test
      <span
        class="MuiButton-endIcon MuiButton-iconSizeMedium css-1f03u4k-MuiButton-endIcon"
      >
        <svg
          aria-hidden="true"
          class="MuiSvgIcon-root MuiSvgIcon-fontSizeMedium css-i4bv87-MuiSvgIcon-root"
          data-testid="ArrowDropDownIcon"
          focusable="false"
          viewBox="0 0 24 24"
        >
          <path
            d="m7 10 5 5 5-5z"
          />
        </svg>
      </span>
    </button>
  </div>
</div>
`;

exports[`common - Header - util - DesktopSubheaderMenu should match snapshot for max under Mincron as logged in user 1`] = `
<div>
  <div
    class="MuiGrid-root MuiGrid-item css-ajt0mp-MuiGrid-root"
  >
    <button
      aria-haspopup="true"
      class="MuiButton-root MuiButton-text MuiButton-textPrimary MuiButton-sizeMedium MuiButton-textSizeMedium MuiButton-disableElevation MuiButtonBase-root  css-gfygn0-MuiButtonBase-root-MuiButton-root"
      tabindex="0"
      type="button"
    >
      test
      <span
        class="MuiButton-endIcon MuiButton-iconSizeMedium css-1f03u4k-MuiButton-endIcon"
      >
        <svg
          aria-hidden="true"
          class="MuiSvgIcon-root MuiSvgIcon-fontSizeMedium css-i4bv87-MuiSvgIcon-root"
          data-testid="ArrowDropDownIcon"
          focusable="false"
          viewBox="0 0 24 24"
        >
          <path
            d="m7 10 5 5 5-5z"
          />
        </svg>
      </span>
    </button>
  </div>
</div>
`;

exports[`common - Header - util - DesktopSubheaderMenu should match snapshot for resources to click on an item 1`] = `
<div>
  <div
    class="MuiGrid-root MuiGrid-item css-ajt0mp-MuiGrid-root"
  >
    <button
      aria-haspopup="true"
      class="MuiButton-root MuiButton-text MuiButton-textPrimary MuiButton-sizeMedium MuiButton-textSizeMedium MuiButton-disableElevation MuiButtonBase-root  css-gfygn0-MuiButtonBase-root-MuiButton-root"
      tabindex="0"
      type="button"
    >
      test
      <span
        class="MuiButton-endIcon MuiButton-iconSizeMedium css-1f03u4k-MuiButton-endIcon"
      >
        <svg
          aria-hidden="true"
          class="MuiSvgIcon-root MuiSvgIcon-fontSizeMedium css-i4bv87-MuiSvgIcon-root"
          data-testid="ArrowDropDownIcon"
          focusable="false"
          viewBox="0 0 24 24"
        >
          <path
            d="m7 10 5 5 5-5z"
          />
        </svg>
      </span>
    </button>
  </div>
</div>
`;
